should match snapshot:
  1: |
    apiVersion: apps/v1
    kind: Deployment
    metadata:
      labels:
        app.kubernetes.io/instance: RELEASE-NAME
        app.kubernetes.io/managed-by: Helm
        app.kubernetes.io/name: szurubooru-client
        app.kubernetes.io/version: 1.0.0
        helm.sh/chart: szurubooru-client-1.0.0
      name: RELEASE-NAME-szurubooru-client
    spec:
      replicas: 1
      selector:
        matchLabels:
          app.kubernetes.io/instance: RELEASE-NAME
          app.kubernetes.io/name: szurubooru-client
      template:
        metadata:
          labels:
            app.kubernetes.io/instance: RELEASE-NAME
            app.kubernetes.io/name: szurubooru-client
        spec:
          containers:
          - command:
            - /bin/sh
            - -cx
            - |
              sed -i "s|client_max_body_size 1073741824;|client_max_body_size ${BACKEND_MAX_FILE_SIZE};|" /etc/nginx/nginx.conf
              sed -i "s|server __BACKEND__:6666;|server __BACKEND__:${BACKEND_PORT};|" /etc/nginx/nginx.conf
              exec /docker-start.sh
            env:
            - name: BACKEND_HOST
              value: localhost
            - name: BACKEND_MAX_FILE_SIZE
              value: "1073741824"
            - name: BACKEND_PORT
              value: "6666"
            - name: BASE_URL
              value: /
            image: szurubooru/client:1.0.0
            imagePullPolicy: IfNotPresent
            livenessProbe:
              httpGet:
                path: /
                port: http
            name: szurubooru-client
            ports:
            - containerPort: 80
              name: http
              protocol: TCP
            readinessProbe:
              httpGet:
                path: /
                port: http
            resources: {}
            securityContext: {}
            volumeMounts:
            - mountPath: /data
              name: data
          securityContext: {}
          serviceAccountName: RELEASE-NAME-szurubooru-client
          volumes:
          - name: data
            persistentVolumeClaim:
              claimName: my-claim
