should match snapshot:
  1: |
    apiVersion: networking.k8s.io/v1
    kind: Ingress
    metadata:
      annotations:
        a8r.io/description: A very nice pod
      labels:
        app.kubernetes.io/instance: RELEASE-NAME
        app.kubernetes.io/managed-by: Helm
        app.kubernetes.io/name: szurubooru-client
        app.kubernetes.io/version: 1.0.0
        helm.sh/chart: szurubooru-client-1.0.0
      name: RELEASE-NAME-szurubooru-client
    spec:
      rules:
      - host: chart-example.local
        http:
          paths:
          - backend:
              service:
                name: RELEASE-NAME-szurubooru-client
                port:
                  number: 80
            path: /
            pathType: ImplementationSpecific
